// Jest Snapshot v1, https://goo.gl/fbAQLP

exports[`Navbar renders correctly 1`] = `
<DocumentFragment>
  <nav>
    <a
      class="logo"
      href="/"
    >
      <svg
        class="logo-img"
        data-testid="logo-id"
        fill="currentColor"
        height="1em"
        stroke="currentColor"
        stroke-width="0"
        viewBox="0 0 512 512"
        width="1em"
        xmlns="http://www.w3.org/2000/svg"
      >
        <path
          d="M489.2 287.9h-27.4c-2.6 0-4.6 2-4.6 4.6v32h-36.6V146.2c0-2.6-2-4.6-4.6-4.6h-27.4c-2.6 0-4.6 2-4.6 4.6v32h-36.6v-32c0-2.6-2-4.6-4.6-4.6h-27.4c-2.6 0-4.6 2-4.6 4.6v32h-36.6v-32c0-6-8-4.6-11.7-4.6v-38c8.3-2 17.1-3.4 25.7-3.4 10.9 0 20.9 4.3 31.4 4.3 4.6 0 27.7-1.1 27.7-8v-60c0-2.6-2-4.6-4.6-4.6-5.1 0-15.1 4.3-24 4.3-9.7 0-20.9-4.3-32.6-4.3-8 0-16 1.1-23.7 2.9v-4.9c5.4-2.6 9.1-8.3 9.1-14.3 0-20.7-31.4-20.8-31.4 0 0 6 3.7 11.7 9.1 14.3v111.7c-3.7 0-11.7-1.4-11.7 4.6v32h-36.6v-32c0-2.6-2-4.6-4.6-4.6h-27.4c-2.6 0-4.6 2-4.6 4.6v32H128v-32c0-2.6-2-4.6-4.6-4.6H96c-2.6 0-4.6 2-4.6 4.6v178.3H54.8v-32c0-2.6-2-4.6-4.6-4.6H22.8c-2.6 0-4.6 2-4.6 4.6V512h182.9v-96c0-72.6 109.7-72.6 109.7 0v96h182.9V292.5c.1-2.6-1.9-4.6-4.5-4.6zm-288.1-4.5c0 2.6-2 4.6-4.6 4.6h-27.4c-2.6 0-4.6-2-4.6-4.6v-64c0-2.6 2-4.6 4.6-4.6h27.4c2.6 0 4.6 2 4.6 4.6v64zm146.4 0c0 2.6-2 4.6-4.6 4.6h-27.4c-2.6 0-4.6-2-4.6-4.6v-64c0-2.6 2-4.6 4.6-4.6h27.4c2.6 0 4.6 2 4.6 4.6v64z"
        />
      </svg>
      <p
        class="logo-title"
      >
        Surreal Estate
      </p>
    </a>
    <ul
      class="collapsed "
    >
      <li>
        <a
          class="item"
          data-testid="view-properties-id"
          href="/properties"
        >
          View Properties
        </a>
      </li>
      <li>
        <a
          class="item"
          data-testid="add-property-id"
          href="/add-property"
        >
          Add Property
        </a>
      </li>
      <li>
        <a
          class="item"
          data-testid="favourites-id"
          href="/favourites"
        >
          Favourites
        </a>
      </li>
      <li
        class="facebook-container"
      >
        <button
          class="my-facebook-button-class"
          type="submit"
        >
          Welcome,
          <br />
          name
          <br />
          Sign Out
        </button>
      </li>
    </ul>
    <button
      class="burger"
      type="button"
    >
      <div
        class="line1"
      />
      <div
        class="line2"
      />
      <div
        class="line3"
      />
    </button>
  </nav>
</DocumentFragment>
`;
